
# Make only 'Input' folder #
[cloudera@quickstart WordCount]$ hdfs dfs -mkdir /mapred/WordCount
[cloudera@quickstart WordCount]$ hdfs dfs -mkdir /mapred/WordCount/Input



# Create 'input.txt' file #
[cloudera@quickstart WordCount]$ hdfs dfs -touchz /mapred/WordCount/Input/input.txt
[cloudera@quickstart WordCount]$ hdfs dfs -appendToFile - /mapred/WordCount/Input/input.txt
I felt happy because i saw the others were happy and because I knew I should feel
happy but I wasn't really happy



[cloudera@quickstart WordCount]$ ls
wordcount_mapper.py  wordcount_reducer.py



#  #
[cloudera@quickstart WordCount]$ hadoop jar /usr/lib/hadoop-0.20-mapreduce/contrib/streaming/hadoop-streaming-mr1.jar -files wordcount_mapper.py,wordcount_reducer.py -mapper wordcount_mapper.py -reducer wordcount_reducer.py -input /mapred/WordCount/Input/input.txt -output /mapred/WordCount/Output
packageJobJar: [] [/usr/lib/hadoop-mapreduce/hadoop-streaming-2.6.0-cdh5.13.0.jar] /tmp/streamjob2823246410476186445.jar tmpDir=null
24/03/16 23:24:27 INFO client.RMProxy: Connecting to ResourceManager at /0.0.0.0:8032
24/03/16 23:24:28 INFO client.RMProxy: Connecting to ResourceManager at /0.0.0.0:8032
24/03/16 23:24:29 INFO mapred.FileInputFormat: Total input paths to process : 1
24/03/16 23:24:29 INFO mapreduce.JobSubmitter: number of splits:2
24/03/16 23:24:29 INFO mapreduce.JobSubmitter: Submitting tokens for job: job_1710654609276_0001
24/03/16 23:24:30 INFO impl.YarnClientImpl: Submitted application application_1710654609276_0001
24/03/16 23:24:30 INFO mapreduce.Job: The url to track the job: http://quickstart.cloudera:8088/proxy/application_1710654609276_0001/
24/03/16 23:24:30 INFO mapreduce.Job: Running job: job_1710654609276_0001
24/03/16 23:24:45 INFO mapreduce.Job: Job job_1710654609276_0001 running in uber mode : false
24/03/16 23:24:45 INFO mapreduce.Job:  map 0% reduce 0%
24/03/16 23:24:58 INFO mapreduce.Job:  map 50% reduce 0%
24/03/16 23:24:59 INFO mapreduce.Job:  map 100% reduce 0%
24/03/16 23:25:08 INFO mapreduce.Job:  map 100% reduce 100%
24/03/16 23:25:08 INFO mapreduce.Job: Job job_1710654609276_0001 completed successfully
24/03/16 23:25:08 INFO mapreduce.Job: Counters: 49
	File System Counters
		FILE: Number of bytes read=212
		FILE: Number of bytes written=442455
		FILE: Number of read operations=0
		FILE: Number of large read operations=0
		FILE: Number of write operations=0
		HDFS: Number of bytes read=411
		HDFS: Number of bytes written=114
		HDFS: Number of read operations=9
		HDFS: Number of large read operations=0
		HDFS: Number of write operations=2
	Job Counters 
		Launched map tasks=2
		Launched reduce tasks=1
		Data-local map tasks=2
		Total time spent by all maps in occupied slots (ms)=22448
		Total time spent by all reduces in occupied slots (ms)=7526
		Total time spent by all map tasks (ms)=22448
		Total time spent by all reduce tasks (ms)=7526
		Total vcore-milliseconds taken by all map tasks=22448
		Total vcore-milliseconds taken by all reduce tasks=7526
		Total megabyte-milliseconds taken by all map tasks=22986752
		Total megabyte-milliseconds taken by all reduce tasks=7706624
	Map-Reduce Framework
		Map input records=6
		Map output records=23
		Map output bytes=160
		Map output materialized bytes=218
		Input split bytes=232
		Combine input records=0
		Combine output records=0
		Reduce input groups=16
		Reduce shuffle bytes=218
		Reduce input records=23
		Reduce output records=16
		Spilled Records=46
		Shuffled Maps =2
		Failed Shuffles=0
		Merged Map outputs=2
		GC time elapsed (ms)=241
		CPU time spent (ms)=4140
		Physical memory (bytes) snapshot=803880960
		Virtual memory (bytes) snapshot=4693950464
		Total committed heap usage (bytes)=874512384
	Shuffle Errors
		BAD_ID=0
		CONNECTION=0
		IO_ERROR=0
		WRONG_LENGTH=0
		WRONG_MAP=0
		WRONG_REDUCE=0
	File Input Format Counters 
		Bytes Read=179
	File Output Format Counters 
		Bytes Written=114
24/03/16 23:25:08 INFO streaming.StreamJob: Output directory: /mapred/WordCount/Output



# 'Output' folder auto-created #
[cloudera@quickstart WordCount]$ hdfs dfs -ls /mapred/WordCount/Output
Found 2 items
-rw-r--r--   1 cloudera supergroup          0 2024-03-16 23:25 /mapred/WordCount/Output/_SUCCESS
-rw-r--r--   1 cloudera supergroup        114 2024-03-16 23:25 /mapred/WordCount/Output/part-00000



# dispaly the output of 'part-0*' file #
[cloudera@quickstart WordCount]$ hdfs dfs -cat /mapred/WordCount/Output/part-0*
I	4
and	1
because	2
but	1
feel	1
felt	1
happy	4
i	1
knew	1
others	1
really	1
saw	1
should	1
the	1
wasn't	1
were	1
